[15mai.2026 20:39:05.006] [main/INFO] [net.neoforged.fml.startup.Entrypoint/]: JVM Uptime at startup: 175ms
[15mai.2026 20:39:05.020] [main/INFO] [net.neoforged.fml.loading.FMLLoader/]: Starting FancyModLoader version 11.0.13 (CLIENT in DEV)
[15mai.2026 20:39:05.022] [main/INFO] [net.neoforged.fml.loading.FMLLoader/]: Game directory: C:\Users\arthu\Downloads\Cursed Energy\ce-26.x\run
[15mai.2026 20:39:05.089] [main/INFO] [net.neoforged.fml.loading.EarlyServiceDiscovery/]: Found 2 early service jars (out of 121) in 32ms
[15mai.2026 20:39:05.090] [main/INFO] [net.neoforged.fml.loading.FMLLoader/]: Loading FML Early Services:
[15mai.2026 20:39:05.090] [main/INFO] [net.neoforged.fml.loading.FMLLoader/]:  - C:/Users/arthu/.gradle/caches/modules-2/files-2.1/net.neoforged.fancymodloader/loader/11.0.13/c9c89eaf35535990110088224d188748d81eaecf/loader-11.0.13.jar
[15mai.2026 20:39:05.092] [main/INFO] [net.neoforged.fml.loading.FMLLoader/]:  - C:/Users/arthu/.gradle/caches/modules-2/files-2.1/net.neoforged.fancymodloader/earlydisplay/11.0.13/491a1bedecb33802fa118cae384b60f91f6f0241/earlydisplay-11.0.13.jar
[15mai.2026 20:39:05.098] [main/INFO] [net.neoforged.fml.loading.ImmediateWindowHandler/]: Loading ImmediateWindowProvider fmlearlywindow
[15mai.2026 20:39:05.613] [ForkJoinPool.commonPool-worker-4/INFO] [net.neoforged.fml.loading.moddiscovery.locators.GameLocator/]: Detected a joined NeoForge and Minecraft configuration. Applying filtering...
[15mai.2026 20:39:05.655] [fml-loadingscreen/INFO] [net.neoforged.fml.earlydisplay.render.LoadingScreenRenderer/]: GL info: AMD Radeon(TM) Graphics GL version 3.3.0 Core Profile Context 26.1.1.251211, ATI Technologies Inc.
[15mai.2026 20:39:05.687] [ForkJoinPool.commonPool-worker-4/INFO] [net.neoforged.fml.loading.moddiscovery.locators.InDevFolderLocator/CORE]: Got mod coordinates ce%%C:\Users\arthu\Downloads\Cursed Energy\ce-26.x\build\classes\java\main;ce%%C:\Users\arthu\Downloads\Cursed Energy\ce-26.x\build\resources\main from env
[15mai.2026 20:39:06.006] [ForkJoinPool.commonPool-worker-4/WARN] [net.neoforged.jarjar.selection.JarSelector/]: Attempted to select a dependency jar for JarJar which was passed in as source: player_animation_library. Using jar(C:/Users/arthu/Downloads/Cursed Energy/ce-26.x/libs/PlayerAnimationLibMerged-1.2.3+mc.26.1.jar)
[15mai.2026 20:39:06.006] [ForkJoinPool.commonPool-worker-4/INFO] [net.neoforged.fml.loading.moddiscovery.locators.JarInJarDependencyLocator/]: Found 15 dependencies adding them to mods collection
[15mai.2026 20:39:06.009] [ForkJoinPool.commonPool-worker-4/INFO] [net.neoforged.fml.loading.moddiscovery.ModDiscoverer/]: 
     Mod List:
		Name Version (Mod Id)

		BadOptimizations 2.4.1 (badoptimizations)
		Chat Heads 1.2.2 (chat_heads)
		Clumps 26.1.2.1 (clumps)
		Cursed Energy 0.0.1-26.1.2 (ce)
		Dynamic FPS 3.11.6 (dynamic_fps)
		Dynamic FPS Common 3.11.6 (dynamic_fps_common)
		Ferrite Core 9.0.0 (ferritecore)
		ImmediatelyFast 1.15.2+26.1.2 (immediatelyfast)
		Jade 26.1.1+neoforge (jade)
		Just Enough Items 29.5.0.28 (jei)
		LambDynamicLights 4.10.2+26.1.2 (lambdynlights)
		LambDynamicLights (API) 4.10.2+26.1.2 (lambdynlights_api)
		Lithium 0.24.2 (lithium)
		Minecraft 26.1.2 (minecraft)
		ModernFix 5.27.11+mc26.1.2 (modernfix)
		Mouse Tweaks 2.31 (mousetweaks)
		NeoForge 26.1.2.55-beta (neoforge)
		Palladium 5.0.0 (palladium)
		Player Animation Library 1.2.3+mc.26.1 (player_animation_library)
		Pride Lib 1.6.0+26.1 (pride)
		SpruceUI 10.0.0+26.1 (spruceui)
		TerraBlender 26.1.2.0.1 (terrablender)
		Yumi Minecraft Libraries: Foundation 1.0.0+26.1 (yumi_mc_core)
[15mai.2026 20:39:06.254] [main/INFO] [mixin/]: SpongePowered MIXIN Subsystem Version=0.8.7 Source=file:/C:/Users/arthu/.gradle/caches/modules-2/files-2.1/net.fabricmc/sponge-mixin/0.17.3+mixin.0.8.7/41c4a3984a80f4679e759fb9f495587acc5cdac7/sponge-mixin-0.17.3+mixin.0.8.7.jar Service=FML Env=CLIENT
[15mai.2026 20:39:06.281] [main/INFO] [net.neoforged.fml.loading.FMLLoader/]: Loading FML Plugins:
[15mai.2026 20:39:06.282] [main/INFO] [net.neoforged.fml.loading.FMLLoader/]:  - mods/dynamic-fps-3.11.6+minecraft-26.1.0-neoforge.jar > battery-2.0.0.jar
[15mai.2026 20:39:06.282] [main/INFO] [net.neoforged.fml.loading.FMLLoader/]:  - C:/Users/arthu/Downloads/Cursed Energy/ce-26.x/libs/palladium-5.0.0+26.1.2.jar > PlayerAnimationLibNeo-1.2.3+mc.26.1.jar > services-1.2.6.jar
[15mai.2026 20:39:06.282] [main/INFO] [net.neoforged.fml.loading.FMLLoader/]:  - mods/ImmediatelyFast-NeoForge-1.15.2+26.1.2.jar > Reflect-1.6.2.jar
[15mai.2026 20:39:06.283] [main/INFO] [net.neoforged.fml.loading.FMLLoader/]:  - C:/Users/arthu/.gradle/caches/modules-2/files-2.1/net.neoforged/neoforge/26.1.2.55-beta/254d7a874527097de6dc8eed62ae4397697677e2/neoforge-26.1.2.55-beta-universal.jar > net.neoforged.neoforge-coremods-26.1.2.55-beta.jar
[15mai.2026 20:39:06.401] [main/INFO] [net.neoforged.fml.loading.FMLLoader/]: Building game content classloader:
 - badoptimizations (jar(mods/BadOptimizations-2.4.1-26.1-forge.jar))
 - ce (composite(folder(C:/Users/arthu/Downloads/Cursed Energy/ce-26.x/build/classes/java/main), folder(C:/Users/arthu/Downloads/Cursed Energy/ce-26.x/build/resources/main)))
 - chat_heads (jar(mods/chat_heads-1.2.2-neoforge-26.1.jar))
 - clumps (jar(mods/Clumps-neoforge-26.1.2-26.1.2.1.jar))
 - dev.yumi.commons.collections (jar(mods/lambdynamiclights-4.10.2+26.1.2.jar > lambdynamiclights-api-4.10.2+26.1.2.jar > yumi-commons-collections-2.0.0.jar))
 - dev.yumi.commons.core (jar(mods/lambdynamiclights-4.10.2+26.1.2.jar > lambdynamiclights-api-4.10.2+26.1.2.jar > yumi-commons-core-2.0.0.jar))
 - dev.yumi.commons.event (jar(mods/lambdynamiclights-4.10.2+26.1.2.jar > lambdynamiclights-api-4.10.2+26.1.2.jar > yumi-commons-event-2.0.0.jar))
 - dynamic_fps (jar(mods/dynamic-fps-3.11.6+minecraft-26.1.0-neoforge.jar))
 - dynamic_fps_common (jar(mods/dynamic-fps-3.11.6+minecraft-26.1.0-neoforge.jar > net.lostluma.dynamic-fps-3.11.6+minecraft-26.1.0-common.jar))
 - ferritecore (jar(mods/ferritecore-9.0.0-neoforge.jar))
 - immediatelyfast (jar(mods/ImmediatelyFast-NeoForge-1.15.2+26.1.2.jar))
 - jade (jar(mods/Jade-mc26.1-NeoForge-26.1.1.jar))
 - jei (jar(mods/jei-26.1.2-neoforge-29.5.0.28.jar))
 - lambdynlights (jar(mods/lambdynamiclights-4.10.2+26.1.2.jar))
 - lambdynlights_api (jar(mods/lambdynamiclights-4.10.2+26.1.2.jar > lambdynamiclights-api-4.10.2+26.1.2.jar))
 - lithium (jar(mods/lithium-neoforge-0.24.2+mc26.1.2.jar))
 - minecraft (composite(filtered(jar(C:/Users/arthu/Downloads/Cursed Energy/ce-26.x/build/moddev/artifacts/minecraft-patched-26.1.2.55-beta.jar)), filtered(jar(C:/Users/arthu/Downloads/Cursed Energy/ce-26.x/build/moddev/artifacts/minecraft-patched-26.1.2.55-beta.jar))))
 - mixinextras.neoforge (jar(C:/Users/arthu/.gradle/caches/modules-2/files-2.1/net.neoforged/neoforge/26.1.2.55-beta/254d7a874527097de6dc8eed62ae4397697677e2/neoforge-26.1.2.55-beta-universal.jar > mixinextras-neoforge-0.5.4.jar))
 - mochafloats (jar(C:/Users/arthu/Downloads/Cursed Energy/ce-26.x/libs/palladium-5.0.0+26.1.2.jar > PlayerAnimationLibNeo-1.2.3+mc.26.1.jar > mochafloats-5.0.0.jar))
 - modernfix (jar(mods/modernfix-neoforge-5.27.11+mc26.1.2.jar))
 - mousetweaks (jar(mods/MouseTweaks-neoforge-mc26.1-2.31.jar))
 - neoforge (composite(filtered(jar(C:/Users/arthu/.gradle/caches/modules-2/files-2.1/net.neoforged/neoforge/26.1.2.55-beta/254d7a874527097de6dc8eed62ae4397697677e2/neoforge-26.1.2.55-beta-universal.jar))))
 - net.neoforged.fml.generated (empty(VirtualJar/net.neoforged.fml.generated))
 - palladium (jar(C:/Users/arthu/Downloads/Cursed Energy/ce-26.x/libs/palladium-5.0.0+26.1.2.jar))
 - player_animation_library (jar(C:/Users/arthu/Downloads/Cursed Energy/ce-26.x/libs/PlayerAnimationLibMerged-1.2.3+mc.26.1.jar))
 - pride (jar(mods/lambdynamiclights-4.10.2+26.1.2.jar > pridelib-1.6.0+26.1.jar))
 - spruceui (jar(mods/lambdynamiclights-4.10.2+26.1.2.jar > spruceui-10.0.0+26.1.jar))
 - terrablender (jar(C:/Users/arthu/Downloads/Cursed Energy/ce-26.x/libs/palladium-5.0.0+26.1.2.jar > TerraBlender-neoforge-26.1.2-26.1.2.0.1.jar))
 - yumi_mc_core (jar(mods/lambdynamiclights-4.10.2+26.1.2.jar > yumi-mc-foundation-1.0.0+26.1.jar))
[15mai.2026 20:39:06.430] [main/INFO] [net.neoforged.fml.loading.FMLLoader/]: Built game content classloader in 50ms
[15mai.2026 20:39:06.470] [main/INFO] [mixin/]: Compatibility level set to JAVA_25
[15mai.2026 20:39:06.547] [main/WARN] [mixin/]: Reference map 'terrablender.refmap.json' for terrablender.neoforge.mixins.json could not be read. If this is a development environment you can ignore this message
[15mai.2026 20:39:06.625] [main/INFO] [Lithium/]: Loaded configuration file for Lithium: 168 options available, 0 override(s) found.
[15mai.2026 20:39:06.633] [main/INFO] [BadOptimizations/]: Config version: 6
[15mai.2026 20:39:06.633] [main/INFO] [BadOptimizations/]: BadOptimizations config dump:
[15mai.2026 20:39:06.633] [main/INFO] [BadOptimizations/]: enable_toast_optimizations: true
[15mai.2026 20:39:06.633] [main/INFO] [BadOptimizations/]: ignore_mod_incompatibilities: false
[15mai.2026 20:39:06.633] [main/INFO] [BadOptimizations/]: lightmap_time_change_needed_for_update: 80
[15mai.2026 20:39:06.633] [main/INFO] [BadOptimizations/]: enable_lightmap_caching: true
[15mai.2026 20:39:06.633] [main/INFO] [BadOptimizations/]: enable_particle_manager_optimization: true
[15mai.2026 20:39:06.633] [main/INFO] [BadOptimizations/]: enable_entity_renderer_caching: true
[15mai.2026 20:39:06.633] [main/INFO] [BadOptimizations/]: log_config: true
[15mai.2026 20:39:06.633] [main/INFO] [BadOptimizations/]: enable_remove_redundant_fov_calculations: true
[15mai.2026 20:39:06.635] [main/INFO] [BadOptimizations/]: config_version: 6
[15mai.2026 20:39:06.635] [main/INFO] [BadOptimizations/]: enable_sky_angle_caching_in_worldrenderer: true
[15mai.2026 20:39:06.635] [main/INFO] [BadOptimizations/]: enable_block_entity_renderer_caching: true
[15mai.2026 20:39:06.635] [main/INFO] [BadOptimizations/]: skycolor_time_change_needed_for_update: 3
[15mai.2026 20:39:06.635] [main/INFO] [BadOptimizations/]: enable_entity_flag_caching: true
[15mai.2026 20:39:06.635] [main/INFO] [BadOptimizations/]: ignore_mod_cache_hooks: false
[15mai.2026 20:39:06.635] [main/INFO] [BadOptimizations/]: enable_debug_renderer_disable_if_not_needed: true
[15mai.2026 20:39:06.635] [main/INFO] [BadOptimizations/]: enable_sky_color_caching: true
[15mai.2026 20:39:06.635] [main/INFO] [BadOptimizations/]: enable_remove_tutorial_if_not_demo: true
[15mai.2026 20:39:06.635] [main/INFO] [BadOptimizations/]: show_f3_text: true
[15mai.2026 20:39:06.638] [main/WARN] [mixin/]: Reference map 'clumps.refmap.json' for clumps.mixins.json could not be read. If this is a development environment you can ignore this message
[15mai.2026 20:39:06.711] [main/INFO] [ModernFix/]: Loaded configuration file for ModernFix [unknown]: 76 options available, 0 override(s) found
[15mai.2026 20:39:06.712] [main/INFO] [ModernFix/]: Applying Nashorn fix
[15mai.2026 20:39:06.712] [main/INFO] [ModernFix/]: Configuring Minecraft's max.bg.threads option with 13 threads
[15mai.2026 20:39:06.713] [main/WARN] [mixin/]: Reference map 'modernfix.refmap.json' for modernfix-modernfix.mixins.json could not be read. If this is a development environment you can ignore this message
[15mai.2026 20:39:07.492] [main/WARN] [mixin/]: Redundant @Unique on injector method metadataTypeForPackType(Lnet/minecraft/server/packs/PackType;Lorg/spongepowered/asm/mixin/injection/callback/CallbackInfoReturnable;)V in palladium.mixins.json:ResourcePackLoaderMixin from mod palladium. Injectors are implicitly unique
[15mai.2026 20:39:07.521] [main/INFO] [MixinExtras|Service/]: Initializing MixinExtras via com.llamalad7.mixinextras.service.MixinExtrasServiceImpl(version=0.5.4).
[15mai.2026 20:39:08.733] [Datafixer Bootstrap/INFO] [com.mojang.datafixers.DataFixerBuilder/]: 294 Datafixer optimizations took 323 milliseconds
[15mai.2026 20:39:08.982] [pool-18-thread-1/INFO] [net.minecraft.server.Bootstrap/]: ModernFix reached bootstrap stage (4.675 s after launch)
[15mai.2026 20:39:12.832] [pool-18-thread-1/INFO] [dev.yumi.mc.core.impl.YumiFoundationMod/]: Initializing mods (entrypoint yumi:init)...
[15mai.2026 20:39:12.915] [pool-18-thread-1/INFO] [net.minecraft.server.Bootstrap/]: Vanilla bootstrap took 3932 milliseconds
[15mai.2026 20:39:13.567] [main/WARN] [net.minecraft.commands.Commands/]: Ambiguity between arguments [teleport, location] and [teleport, destination] with inputs: [0.1 -0.5 .9, 0 0 0]
[15mai.2026 20:39:13.569] [main/WARN] [net.minecraft.commands.Commands/]: Ambiguity between arguments [teleport, location] and [teleport, targets] with inputs: [0.1 -0.5 .9, 0 0 0]
[15mai.2026 20:39:13.571] [main/WARN] [net.minecraft.commands.Commands/]: Ambiguity between arguments [teleport, destination] and [teleport, targets] with inputs: [Player, 0123, @e, dd12be42-52a9-4a91-a8a1-11c01849e498]
[15mai.2026 20:39:13.572] [main/WARN] [net.minecraft.commands.Commands/]: Ambiguity between arguments [teleport, targets] and [teleport, destination] with inputs: [Player, 0123, dd12be42-52a9-4a91-a8a1-11c01849e498]
[15mai.2026 20:39:13.573] [main/WARN] [net.minecraft.commands.Commands/]: Ambiguity between arguments [teleport, targets, location] and [teleport, targets, destination] with inputs: [0.1 -0.5 .9, 0 0 0]
[15mai.2026 20:39:13.574] [main/WARN] [net.minecraft.commands.Commands/]: Ambiguity between arguments [time, set, time] and [time, set, timemarker] with inputs: [0, 0s, 0d, 0t]
[15mai.2026 20:39:13.575] [main/WARN] [net.minecraft.commands.Commands/]: Ambiguity between arguments [time, set, timemarker] and [time, set, time] with inputs: [012]
[15mai.2026 20:39:13.575] [main/WARN] [net.minecraft.commands.Commands/]: Ambiguity between arguments [time, of, clock, set, time] and [time, of, clock, set, timemarker] with inputs: [0, 0s, 0d, 0t]
[15mai.2026 20:39:13.576] [main/WARN] [net.minecraft.commands.Commands/]: Ambiguity between arguments [time, of, clock, set, timemarker] and [time, of, clock, set, time] with inputs: [012]
[15mai.2026 20:39:13.577] [main/WARN] [net.minecraft.commands.Commands/]: Ambiguity between arguments [waypoint, modify, waypoint, color, reset] and [waypoint, modify, waypoint, color, color] with inputs: [reset]
[15mai.2026 20:39:13.658] [modloading-worker-0/INFO] [net.neoforged.neoforge.common.NeoForgeMod/NEOFORGE-MOD]: NeoForge mod loading, version 26.1.2.55-beta, for MC 26.1.2
[15mai.2026 20:39:13.934] [modloading-worker-0/INFO] [mezz.jei.library.load.PluginCaller/]: Sending ConfigManager...
[15mai.2026 20:39:13.936] [modloading-worker-0/INFO] [mezz.jei.library.load.PluginCaller/]: Sending ConfigManager took 1.465 milliseconds
[15mai.2026 20:39:14.157] [modloading-sync-worker/WARN] [mixin/]: Redundant @Unique on injector method metadataTypeForPackType(Lnet/minecraft/server/packs/PackType;Lorg/spongepowered/asm/mixin/injection/callback/CallbackInfoReturnable;)V in palladium.mixins.json:ResourcePackLoaderMixin from mod palladium. Injectors are implicitly unique
[15mai.2026 20:39:14.219] [modloading-sync-worker/INFO] [net.minecraft.server.packs.resources.ReloadableResourceManager/]: Reloading ResourceManager: mod_addon, mod/lambdynlights, mod/ce, mod/yumi_mc_core, mod/terrablender, mod/mousetweaks, mod/immediatelyfast, mod/lambdynlights_api, mod/jade, mod/ferritecore, mod/jei, mod/dynamic_fps, mod/lithium, mod/chat_heads, mod/player_animation_library, mod/badoptimizations, mod/pride, mod/palladium, mod/clumps, mod/neoforge, mod/modernfix, mod/spruceui, mod/dynamic_fps_common
[15mai.2026 20:39:14.253] [modloading-sync-worker/INFO] [net.threetag.palladium.Palladium/]: Registered 0 addonpack data attachments
[15mai.2026 20:39:14.255] [modloading-sync-worker/INFO] [net.threetag.palladium.Palladium/]: Registered 0 addonpack tool materials
[15mai.2026 20:39:14.255] [modloading-sync-worker/INFO] [net.threetag.palladium.Palladium/]: Registered 0 addonpack armor materials
[15mai.2026 20:39:14.275] [modloading-sync-worker/INFO] [net.minecraft.server.packs.resources.ReloadableResourceManager/]: Reloading ResourceManager: mod_addon, mod/lambdynlights, mod/ce, mod/yumi_mc_core, mod/terrablender, mod/mousetweaks, mod/immediatelyfast, mod/lambdynlights_api, mod/jade, mod/ferritecore, mod/jei, mod/dynamic_fps, mod/lithium, mod/chat_heads, mod/player_animation_library, mod/badoptimizations, mod/pride, mod/palladium, mod/clumps, mod/neoforge, mod/modernfix, mod/spruceui, mod/dynamic_fps_common
[15mai.2026 20:39:14.284] [modloading-sync-worker/INFO] [net.threetag.palladium.Palladium/]: Registered 0 addonpack block
[15mai.2026 20:39:14.293] [modloading-sync-worker/INFO] [net.minecraft.server.packs.resources.ReloadableResourceManager/]: Reloading ResourceManager: mod_addon, mod/lambdynlights, mod/ce, mod/yumi_mc_core, mod/terrablender, mod/mousetweaks, mod/immediatelyfast, mod/lambdynlights_api, mod/jade, mod/ferritecore, mod/jei, mod/dynamic_fps, mod/lithium, mod/chat_heads, mod/player_animation_library, mod/badoptimizations, mod/pride, mod/palladium, mod/clumps, mod/neoforge, mod/modernfix, mod/spruceui, mod/dynamic_fps_common
[15mai.2026 20:39:14.306] [modloading-sync-worker/INFO] [net.threetag.palladium.Palladium/]: Registered 2 addonpack item
[15mai.2026 20:39:14.312] [modloading-sync-worker/INFO] [net.minecraft.server.packs.resources.ReloadableResourceManager/]: Reloading ResourceManager: mod_addon, mod/lambdynlights, mod/ce, mod/yumi_mc_core, mod/terrablender, mod/mousetweaks, mod/immediatelyfast, mod/lambdynlights_api, mod/jade, mod/ferritecore, mod/jei, mod/dynamic_fps, mod/lithium, mod/chat_heads, mod/player_animation_library, mod/badoptimizations, mod/pride, mod/palladium, mod/clumps, mod/neoforge, mod/modernfix, mod/spruceui, mod/dynamic_fps_common
[15mai.2026 20:39:14.317] [modloading-sync-worker/INFO] [net.threetag.palladium.Palladium/]: Registered 0 addonpack suit sets
[15mai.2026 20:39:14.336] [modloading-sync-worker/INFO] [net.minecraft.server.packs.resources.ReloadableResourceManager/]: Reloading ResourceManager: mod_addon, mod/lambdynlights, mod/ce, mod/yumi_mc_core, mod/terrablender, mod/mousetweaks, mod/immediatelyfast, mod/lambdynlights_api, mod/jade, mod/ferritecore, mod/jei, mod/dynamic_fps, mod/lithium, mod/chat_heads, mod/player_animation_library, mod/badoptimizations, mod/pride, mod/palladium, mod/clumps, mod/neoforge, mod/modernfix, mod/spruceui, mod/dynamic_fps_common
[15mai.2026 20:39:14.344] [modloading-sync-worker/INFO] [net.threetag.palladium.Palladium/]: Registered 1 addonpack creative_mode_tab
[15mai.2026 20:39:14.661] [Render thread/ERROR] [net.minecraft.server.packs.VanillaPackResourcesBuilder/]: File /addon/.mcassetsroot does not exist in classpath
[15mai.2026 20:39:14.684] [Render thread/INFO] [com.mojang.authlib.yggdrasil.YggdrasilAuthenticationService/]: Environment: Environment[sessionHost=https://sessionserver.mojang.com, servicesHost=https://api.minecraftservices.com, profilesHost=https://api.mojang.com, name=PROD]
[15mai.2026 20:39:14.701] [Render thread/INFO] [net.minecraft.client.Minecraft/]: Setting user: Dev
[15mai.2026 20:39:14.761] [Render thread/INFO] [LambDynamicLights/]: Initializing LambDynamicLights...
[15mai.2026 20:39:14.780] [Render thread/INFO] [LambDynamicLights|Config/]: Configuration loaded.
[15mai.2026 20:39:14.885] [Render thread/INFO] [net.minecraft.client.Minecraft/]: Backend library: LWJGL version 3.4.1+2
[15mai.2026 20:39:15.026] [Render thread/INFO] [ImmediatelyFast/]: Initializing ImmediatelyFast 1.15.2+26.1.2 on AMD Radeon(TM) Graphics (ATI Technologies Inc.) with OpenGL 3.3.0 Core Profile Context 26.1.1.251211
[15mai.2026 20:39:15.046] [Render thread/INFO] [net.minecraft.client.Minecraft/]: Using optional rendering extensions: GL_ARB_buffer_storage, GL_KHR_debug, GL_ARB_vertex_attrib_binding, GL_ARB_direct_state_access, GL_EXT_texture_filter_anisotropic
[15mai.2026 20:39:15.855] [modloading-worker-0/INFO] [terrablender/]: Registered region minecraft:overworld to index 0 for type OVERWORLD
[15mai.2026 20:39:15.855] [modloading-worker-0/INFO] [terrablender/]: Registered region minecraft:nether to index 0 for type NETHER
[15mai.2026 20:39:15.855] [modloading-worker-0/INFO] [terrablender/]: Registered region palladium:meteorite to index 1 for type OVERWORLD
[15mai.2026 20:39:15.861] [modloading-worker-0/INFO] [net.hekopdcre.cursedenergy.CursedEnergy/]: HELLO FROM CLIENT SETUP
[15mai.2026 20:39:15.862] [modloading-worker-0/INFO] [net.hekopdcre.cursedenergy.CursedEnergy/]: MINECRAFT NAME >> Dev
[15mai.2026 20:39:15.862] [modloading-worker-0/INFO] [net.threetag.palladium.Palladium/]: Registering icon renderer for palladium:compound: net.threetag.palladium.client.renderer.icon.CompoundIconRenderer
[15mai.2026 20:39:15.863] [modloading-worker-0/INFO] [net.threetag.palladium.Palladium/]: Registering icon renderer for palladium:item: net.threetag.palladium.client.renderer.icon.ItemIconRenderer
[15mai.2026 20:39:15.863] [modloading-worker-0/INFO] [net.minecraft.server.LoggedPrintStream/]: [STDOUT]: [Mouse Tweaks] Main.initialize()
[15mai.2026 20:39:15.863] [modloading-worker-0/INFO] [net.threetag.palladium.Palladium/]: Registering icon renderer for palladium:item_in_slot: net.threetag.palladium.client.renderer.icon.ItemInSlotIconRenderer
[15mai.2026 20:39:15.863] [modloading-worker-0/INFO] [net.threetag.palladium.Palladium/]: Registering icon renderer for palladium:ingredient: net.threetag.palladium.client.renderer.icon.IngredientIconRenderer
[15mai.2026 20:39:15.864] [modloading-worker-0/INFO] [net.threetag.palladium.Palladium/]: Registering icon renderer for palladium:texture: net.threetag.palladium.client.renderer.icon.TexturedIconRenderer
[15mai.2026 20:39:15.864] [modloading-worker-0/INFO] [net.threetag.palladium.Palladium/]: Registering icon renderer for palladium:sprite: net.threetag.palladium.client.renderer.icon.SpriteIconRenderer
[15mai.2026 20:39:15.865] [modloading-worker-0/INFO] [net.minecraft.server.LoggedPrintStream/]: [STDOUT]: [Mouse Tweaks] Initialized.
[15mai.2026 20:39:15.865] [modloading-worker-0/INFO] [net.threetag.palladium.Palladium/]: Registering icon renderer for palladium:experience: net.threetag.palladium.client.renderer.icon.ExperienceIconRenderer
[15mai.2026 20:39:15.915] [modloading-sync-worker/INFO] [snownee.jade.Jade/]: Start loading plugin from Jade: snownee.jade.addon.access.AccessibilityPlugin
[15mai.2026 20:39:15.921] [modloading-sync-worker/INFO] [snownee.jade.Jade/]: snownee.jade.addon.access.AccessibilityPlugin loaded: 5.782 ms
[15mai.2026 20:39:15.922] [modloading-sync-worker/INFO] [snownee.jade.Jade/]: Start loading plugin from Jade: snownee.jade.addon.core.CorePlugin
[15mai.2026 20:39:15.927] [modloading-sync-worker/INFO] [snownee.jade.Jade/]: snownee.jade.addon.core.CorePlugin loaded: 5.071 ms
[15mai.2026 20:39:15.928] [modloading-sync-worker/INFO] [snownee.jade.Jade/]: Start loading plugin from Jade: snownee.jade.addon.debug.DebugPlugin
[15mai.2026 20:39:15.932] [modloading-sync-worker/INFO] [snownee.jade.Jade/]: snownee.jade.addon.debug.DebugPlugin loaded: 3.833 ms
[15mai.2026 20:39:15.933] [modloading-sync-worker/INFO] [snownee.jade.Jade/]: Start loading plugin from Jade: snownee.jade.addon.universal.UniversalPlugin
[15mai.2026 20:39:15.950] [modloading-sync-worker/INFO] [snownee.jade.Jade/]: snownee.jade.addon.universal.UniversalPlugin loaded: 16.32 ms
[15mai.2026 20:39:15.952] [modloading-sync-worker/INFO] [snownee.jade.Jade/]: Start loading plugin from Jade: snownee.jade.addon.vanilla.VanillaPlugin
[15mai.2026 20:39:15.984] [modloading-sync-worker/INFO] [snownee.jade.Jade/]: snownee.jade.addon.vanilla.VanillaPlugin loaded: 32.00 ms
[15mai.2026 20:39:16.053] [NeoForge Version Check/INFO] [net.neoforged.fml.VersionChecker/]: [dynamic_fps] Starting version check at https://api.lostluma.net/updates/dynamic-fps?platform=neoforge
[15mai.2026 20:39:16.136] [Render thread/INFO] [net.minecraft.server.packs.resources.ReloadableResourceManager/]: Reloading ResourceManager: vanilla, mod_resources, mod/lambdynlights, mod/ce, mod/yumi_mc_core, mod/terrablender, mod/mousetweaks, mod/immediatelyfast, mod/lambdynlights_api, mod/jade, mod/ferritecore, mod/jei, mod/dynamic_fps, mod/lithium, mod/chat_heads, mod/player_animation_library, mod/badoptimizations, mod/pride, mod/palladium, mod/clumps, mod/neoforge, mod/modernfix, mod/spruceui, mod/dynamic_fps_common
[15mai.2026 20:39:16.512] [resourceLoad/ERROR] [net.minecraft.server.packs.resources.SimpleJsonResourceReloadListener/]: Couldn't parse data file 'ce:divine_dog' from 'ce:palladium/render_layers/divine_dog.json': DataResult.Error['Failed to parse either. First: No key hidden_model_parts in MapLike[{"type":"palladium:compound","layers":[{"type":"palladium:render_layer","texture":"ce:textures/entity/black_divine_dog.png","state":{"enabling":[{"type":"palladium:has_tag","tag":"black_divine_dog"},{"type":"palladium:not","conditions":{"type":"palladium:has_tag","tag":"white_divine_dog"}}]}},{"type":"palladium:render_layer","texture":"ce:textures/entity/white_divine_dog.png","state":{"enabling":[{"type":"palladium:has_tag","tag":"white_divine_dog"},{"type":"palladium:not","conditions":{"type":"palladium:has_tag","tag":"black_divine_dog"}}]}}]}]; Failed to parse either. First: No key hidden_model_parts in MapLike[{"type":"palladium:render_layer","texture":"ce:textures/entity/white_divine_dog.png","state":{"enabling":[{"type":"palladium:has_tag","tag":"white_divine_dog"},{"type":"palladium:not","conditions":{"type":"palladium:has_tag","tag":"black_divine_dog"}}]}}]; Second: No key hidden_model_parts in MapLike[{"type":"palladium:render_layer","texture":"ce:textures/entity/white_divine_dog.png","state":{"enabling":[{"type":"palladium:has_tag","tag":"white_divine_dog"},{"type":"palladium:not","conditions":{"type":"palladium:has_tag","tag":"black_divine_dog"}}]}}]; Failed to parse either. First: No key hidden_model_parts in MapLike[{"type":"palladium:render_layer","texture":"ce:textures/entity/black_divine_dog.png","state":{"enabling":[{"type":"palladium:has_tag","tag":"black_divine_dog"},{"type":"palladium:not","conditions":{"type":"palladium:has_tag","tag":"white_divine_dog"}}]}}]; Second: No key hidden_model_parts in MapLike[{"type":"palladium:render_layer","texture":"ce:textures/entity/black_divine_dog.png","state":{"enabling":[{"type":"palladium:has_tag","tag":"black_divine_dog"},{"type":"palladium:not","conditions":{"type":"palladium:has_tag","tag":"white_divine_dog"}}]}}]; Second: No key hidden_model_parts in MapLike[{"type":"palladium:compound","layers":[{"type":"palladium:render_layer","texture":"ce:textures/entity/black_divine_dog.png","state":{"enabling":[{"type":"palladium:has_tag","tag":"black_divine_dog"},{"type":"palladium:not","conditions":{"type":"palladium:has_tag","tag":"white_divine_dog"}}]}},{"type":"palladium:render_layer","texture":"ce:textures/entity/white_divine_dog.png","state":{"enabling":[{"type":"palladium:has_tag","tag":"white_divine_dog"},{"type":"palladium:not","conditions":{"type":"palladium:has_tag","tag":"black_divine_dog"}}]}}]}]; No key texture in MapLike[{"type":"palladium:compound","layers":[{"type":"palladium:render_layer","texture":"ce:textures/entity/black_divine_dog.png","state":{"enabling":[{"type":"palladium:has_tag","tag":"black_divine_dog"},{"type":"palladium:not","conditions":{"type":"palladium:has_tag","tag":"white_divine_dog"}}]}},{"type":"palladium:render_layer","texture":"ce:textures/entity/white_divine_dog.png","state":{"enabling":[{"type":"palladium:has_tag","tag":"white_divine_dog"},{"type":"palladium:not","conditions":{"type":"palladium:has_tag","tag":"black_divine_dog"}}]}}]}]']
[15mai.2026 20:39:16.529] [resourceLoad/INFO] [net.minecraft.client.gui.font.providers.UnihexProvider/]: Found unifont_all_no_pua-17.0.01.hex, loading
[15mai.2026 20:39:16.788] [resourceLoad/INFO] [net.minecraft.client.gui.font.providers.UnihexProvider/]: Found unifont_pua-17.0.01.hex, loading
[15mai.2026 20:39:16.822] [resourceLoad/ERROR] [player_animation_library/]: Player Animation Library failed to load animation ce:player_animations/clap.json because:
net.minecraft.IdentifierException: Non [a-z0-9/._-] character in path of location: ce:dap _hold
	at TRANSFORMER/minecraft@26.1.2/net.minecraft.resources.Identifier.assertValidPath(Identifier.java:270) ~[minecraft-patched-26.1.2.55-beta.jar:?]
	at TRANSFORMER/minecraft@26.1.2/net.minecraft.resources.Identifier.createUntrusted(Identifier.java:38) ~[minecraft-patched-26.1.2.55-beta.jar:?]
	at TRANSFORMER/minecraft@26.1.2/net.minecraft.resources.Identifier.fromNamespaceAndPath(Identifier.java:42) ~[minecraft-patched-26.1.2.55-beta.jar:?]
	at TRANSFORMER/player_animation_library@1.2.3+mc.26.1/com.zigythebird.playeranim.animation.PlayerAnimResources.onResourceManagerReload(PlayerAnimResources.java:90) ~[PlayerAnimationLibMerged-1.2.3+mc.26.1.jar:?]
	at TRANSFORMER/player_animation_library@1.2.3+mc.26.1/com.zigythebird.playeranim.animation.PlayerAnimResources.lambda$reload$0(PlayerAnimResources.java:101) ~[PlayerAnimationLibMerged-1.2.3+mc.26.1.jar:?]
	at java.base/java.util.concurrent.CompletableFuture$AsyncRun.run(CompletableFuture.java:1825) ~[?:?]
	at TRANSFORMER/minecraft@26.1.2/net.minecraft.server.packs.resources.SimpleReloadInstance.lambda$prepareTasks$1(SimpleReloadInstance.java:68) ~[minecraft-patched-26.1.2.55-beta.jar:?]
	at TRANSFORMER/minecraft@26.1.2/net.minecraft.TracingExecutor.lambda$forName$1(TracingExecutor.java:18) ~[minecraft-patched-26.1.2.55-beta.jar:?]
	at java.base/java.util.concurrent.ForkJoinTask$RunnableExecuteAction.compute(ForkJoinTask.java:1750) [?:?]
	at java.base/java.util.concurrent.ForkJoinTask$RunnableExecuteAction.compute(ForkJoinTask.java:1742) [?:?]
	at java.base/java.util.concurrent.ForkJoinTask$InterruptibleTask.exec(ForkJoinTask.java:1659) [?:?]
	at java.base/java.util.concurrent.ForkJoinTask.doExec(ForkJoinTask.java:511) [?:?]
	at java.base/java.util.concurrent.ForkJoinPool$WorkQueue.topLevelExec(ForkJoinPool.java:1450) [?:?]
	at java.base/java.util.concurrent.ForkJoinPool.runWorker(ForkJoinPool.java:2019) [?:?]
	at java.base/java.util.concurrent.ForkJoinWorkerThread.run(ForkJoinWorkerThread.java:187) [?:?]
[15mai.2026 20:39:16.881] [resourceLoad/INFO] [net.minecraft.client.gui.font.providers.UnihexProvider/]: Found unifont_jp_patch-17.0.01.hex, loading
[15mai.2026 20:39:17.311] [NeoForge Version Check/INFO] [net.neoforged.fml.VersionChecker/]: [dynamic_fps] Found status: UP_TO_DATE Current: 3.11.6 Target: null
[15mai.2026 20:39:17.311] [NeoForge Version Check/INFO] [net.neoforged.fml.VersionChecker/]: [palladium] Starting version check at https://squirrelcontrol.threetag.net/api/forge_updates/threetag-palladium
[15mai.2026 20:39:17.533] [Render thread/WARN] [com.mojang.blaze3d.opengl.GlProgram/]: palladium:add shader program does not use sampler Sampler0 defined in the pipeline. This might be a bug.
[15mai.2026 20:39:17.533] [Render thread/WARN] [com.mojang.blaze3d.opengl.GlProgram/]: palladium:add shader program does not use sampler Sampler2 defined in the pipeline. This might be a bug.
[15mai.2026 20:39:17.580] [Render thread/INFO] [com.mojang.blaze3d.audio.Library/]: OpenAL initialized on device OpenAL Soft on Alto-falantes (High Definition Audio Device)
[15mai.2026 20:39:17.583] [Render thread/INFO] [net.minecraft.client.sounds.SoundEngine/SOUNDS]: Sound engine started
[15mai.2026 20:39:17.584] [Render thread/INFO] [net.minecraft.client.renderer.texture.TextureAtlas/]: Created: 512x256x0 minecraft:textures/atlas/particles.png-atlas
[15mai.2026 20:39:17.593] [Render thread/INFO] [net.minecraft.client.renderer.texture.TextureAtlas/]: Created: 128x128x0 minecraft:textures/atlas/decorated_pot.png-atlas
[15mai.2026 20:39:17.595] [Render thread/INFO] [net.minecraft.client.renderer.texture.TextureAtlas/]: Created: 2048x1024x0 minecraft:textures/atlas/armor_trims.png-atlas
[15mai.2026 20:39:17.601] [Render thread/INFO] [net.minecraft.client.renderer.texture.TextureAtlas/]: Created: 512x256x0 minecraft:textures/atlas/paintings.png-atlas
[15mai.2026 20:39:17.602] [Render thread/INFO] [net.minecraft.client.renderer.texture.TextureAtlas/]: Created: 1024x512x0 minecraft:textures/atlas/shield_patterns.png-atlas
[15mai.2026 20:39:17.603] [Render thread/INFO] [net.minecraft.client.renderer.texture.TextureAtlas/]: Created: 2048x2048x4 minecraft:textures/atlas/blocks.png-atlas
[15mai.2026 20:39:17.648] [Render thread/INFO] [net.minecraft.client.renderer.texture.TextureAtlas/]: Created: 512x512x0 minecraft:textures/atlas/chest.png-atlas
[15mai.2026 20:39:17.649] [Render thread/INFO] [net.minecraft.client.renderer.texture.TextureAtlas/]: Created: 256x128x0 minecraft:textures/atlas/celestials.png-atlas
[15mai.2026 20:39:17.649] [Render thread/INFO] [net.minecraft.client.renderer.texture.TextureAtlas/]: Created: 1024x512x0 minecraft:textures/atlas/banner_patterns.png-atlas
[15mai.2026 20:39:17.659] [Render thread/INFO] [net.minecraft.client.renderer.texture.TextureAtlas/]: Created: 512x512x0 minecraft:textures/atlas/beds.png-atlas
[15mai.2026 20:39:17.661] [Render thread/INFO] [net.minecraft.client.renderer.texture.TextureAtlas/]: Created: 1024x512x0 minecraft:textures/atlas/items.png-atlas
[15mai.2026 20:39:17.705] [Render thread/INFO] [net.minecraft.client.renderer.texture.TextureAtlas/]: Created: 1024x1024x0 minecraft:textures/atlas/gui.png-atlas
[15mai.2026 20:39:17.718] [Render thread/INFO] [net.minecraft.client.renderer.texture.TextureAtlas/]: Created: 128x64x0 minecraft:textures/atlas/map_decorations.png-atlas
[15mai.2026 20:39:17.719] [Render thread/INFO] [net.minecraft.client.renderer.texture.TextureAtlas/]: Created: 512x256x0 minecraft:textures/atlas/signs.png-atlas
[15mai.2026 20:39:17.719] [Render thread/INFO] [net.minecraft.client.renderer.texture.TextureAtlas/]: Created: 512x512x0 minecraft:textures/atlas/shulker_boxes.png-atlas
[15mai.2026 20:39:17.827] [Render thread/INFO] [net.threetag.palladium.Palladium/]: Loaded 1 model layers
[15mai.2026 20:39:17.828] [Render thread/INFO] [net.threetag.palladium.Palladium/]: Loaded 0 dynamic textures
[15mai.2026 20:39:17.828] [Render thread/INFO] [net.threetag.palladium.Palladium/]: Loaded 1 render layers
[15mai.2026 20:39:17.829] [Render thread/INFO] [net.neoforged.neoforge.client.entity.animation.json.AnimationLoader/]: Loaded 0 entity animations
[15mai.2026 20:39:17.904] [Render thread/INFO] [net.minecraft.client.renderer.texture.TextureAtlas/]: Created: 256x256x0 jei:textures/atlas/gui.png-atlas
[15mai.2026 20:39:17.909] [Render thread/INFO] [net.threetag.palladium.Palladium/]: Loaded 2 animation controllers
[15mai.2026 20:39:17.910] [Render thread/INFO] [net.threetag.palladium.Palladium/]: Loaded 0 particle emitters
[15mai.2026 20:39:17.910] [Render thread/INFO] [net.threetag.palladium.Palladium/]: Loaded 2 beams
[15mai.2026 20:39:17.910] [Render thread/INFO] [net.threetag.palladium.Palladium/]: Loaded 1 trails
[15mai.2026 20:39:17.910] [Render thread/INFO] [net.threetag.palladium.Palladium/]: Loaded 1 screens
[15mai.2026 20:39:19.956] [Render thread/WARN] [ModernFix/]: Game took 15.649 seconds to start
[15mai.2026 20:39:32.311] [NeoForge Version Check/WARN] [net.neoforged.fml.VersionChecker/]: Failed to process update information
java.net.http.HttpTimeoutException: request timed out
	at java.net.http/jdk.internal.net.http.HttpClientImpl.send(HttpClientImpl.java:921) ~[java.net.http:?]
	at java.net.http/jdk.internal.net.http.HttpClientFacade.send(HttpClientFacade.java:133) ~[java.net.http:?]
	at net.neoforged.fml.VersionChecker$1.openUrlString(VersionChecker.java:129) [loader-11.0.13.jar:11.0]
	at net.neoforged.fml.VersionChecker$1.process(VersionChecker.java:162) [loader-11.0.13.jar:11.0]
	at java.base/java.lang.Iterable.forEach(Iterable.java:75) [?:?]
	at net.neoforged.fml.VersionChecker$1.run(VersionChecker.java:105) [loader-11.0.13.jar:11.0]
[15mai.2026 20:39:32.312] [NeoForge Version Check/INFO] [net.neoforged.fml.VersionChecker/]: [clumps] Starting version check at https://updates.blamejared.com/get?n=clumps&gv=26.1.2&ml=neoforge
[15mai.2026 20:39:33.006] [NeoForge Version Check/WARN] [net.neoforged.fml.VersionChecker/]: Failed to process update information
com.google.gson.JsonSyntaxException: java.lang.IllegalStateException: Expected BEGIN_OBJECT but was STRING at line 1 column 1 path $
See https://github.com/google/gson/blob/main/Troubleshooting.md#unexpected-json-structure
	at com.google.gson.Gson.fromJson(Gson.java:1381) ~[gson-2.13.2.jar:?]
	at com.google.gson.Gson.fromJson(Gson.java:1259) ~[gson-2.13.2.jar:?]
	at com.google.gson.Gson.fromJson(Gson.java:1169) ~[gson-2.13.2.jar:?]
	at com.google.gson.Gson.fromJson(Gson.java:1106) ~[gson-2.13.2.jar:?]
	at net.neoforged.fml.VersionChecker$1.process(VersionChecker.java:167) [loader-11.0.13.jar:11.0]
	at java.base/java.lang.Iterable.forEach(Iterable.java:75) [?:?]
	at net.neoforged.fml.VersionChecker$1.run(VersionChecker.java:105) [loader-11.0.13.jar:11.0]
Caused by: java.lang.IllegalStateException: Expected BEGIN_OBJECT but was STRING at line 1 column 1 path $
See https://github.com/google/gson/blob/main/Troubleshooting.md#unexpected-json-structure
	at com.google.gson.stream.JsonReader.unexpectedTokenError(JsonReader.java:1831) ~[gson-2.13.2.jar:?]
	at com.google.gson.stream.JsonReader.beginObject(JsonReader.java:509) ~[gson-2.13.2.jar:?]
	at com.google.gson.internal.bind.MapTypeAdapterFactory$Adapter.read(MapTypeAdapterFactory.java:199) ~[gson-2.13.2.jar:?]
	at com.google.gson.internal.bind.MapTypeAdapterFactory$Adapter.read(MapTypeAdapterFactory.java:161) ~[gson-2.13.2.jar:?]
	at com.google.gson.Gson.fromJson(Gson.java:1358) ~[gson-2.13.2.jar:?]
	... 6 more
[15mai.2026 20:40:00.231] [Render thread/INFO] [net.minecraft.world.level.storage.LevelStorageSource/]: Deleting level New World
[15mai.2026 20:40:00.232] [Render thread/INFO] [net.minecraft.world.level.storage.LevelStorageSource/]: Attempt 1...
[15mai.2026 20:40:00.668] [Render thread/WARN] [net.minecraft.server.MinecraftServer/]: Missing data pack tests
[15mai.2026 20:40:01.825] [Render thread/INFO] [net.minecraft.world.item.crafting.RecipeManager/]: Loaded 1612 recipes
[15mai.2026 20:40:01.833] [Render thread/INFO] [net.minecraft.advancements.AdvancementTree/]: Loaded 1715 advancements
[15mai.2026 20:40:01.834] [Render thread/INFO] [net.neoforged.neoforge.common.crafting.RecipePriorityManager/]: Loaded 0 recipe priority overrides
[15mai.2026 20:40:01.861] [Render thread/WARN] [ModernFix/]: Initial datapack load took 1.594 s
[15mai.2026 20:40:03.376] [Server thread/INFO] [net.minecraft.client.server.IntegratedServer/]: Starting integrated minecraft server version 26.1.2
[15mai.2026 20:40:03.378] [Server thread/INFO] [net.minecraft.server.MinecraftServer/]: Generating keypair
[15mai.2026 20:40:03.632] [Server thread/INFO] [terrablender/]: Initialized TerraBlender biomes for level stem minecraft:overworld
[15mai.2026 20:40:03.633] [Server thread/INFO] [terrablender/]: Initialized TerraBlender biomes for level stem minecraft:the_nether
[15mai.2026 20:40:04.018] [Server thread/INFO] [net.threetag.palladium.Palladium/]: Successfully generated documentation file: texture_transformers.html
[15mai.2026 20:40:04.025] [Server thread/INFO] [net.threetag.palladium.Palladium/]: Successfully generated documentation file: dynamic_textures.html
[15mai.2026 20:40:04.027] [Server thread/ERROR] [net.threetag.palladium.Palladium/]: No documentation entry overrides found for palladium:render_layers/palladium:render_layer
[15mai.2026 20:40:04.027] [Server thread/ERROR] [net.threetag.palladium.Palladium/]: No documentation entry hidden_model_parts found for palladium:render_layers/palladium:render_layer
[15mai.2026 20:40:04.028] [Server thread/ERROR] [net.threetag.palladium.Palladium/]: No documentation entry hidden_model_parts found for palladium:render_layers/palladium:compound
[15mai.2026 20:40:04.031] [Server thread/ERROR] [net.threetag.palladium.Palladium/]: No documentation entry hidden_model_parts found for palladium:render_layers/palladium:lightning_sparks
[15mai.2026 20:40:04.035] [Server thread/ERROR] [net.threetag.palladium.Palladium/]: No documentation entry hidden_model_parts found for palladium:render_layers/palladium:block_on_head
[15mai.2026 20:40:04.036] [Server thread/ERROR] [net.threetag.palladium.Palladium/]: No documentation entry hidden_model_parts found for palladium:render_layers/palladium:vibration
[15mai.2026 20:40:04.038] [Server thread/INFO] [net.threetag.palladium.Palladium/]: Successfully generated documentation file: render_layers.html
[15mai.2026 20:40:04.046] [Server thread/INFO] [net.threetag.palladium.Palladium/]: Successfully generated documentation file: beams.html
[15mai.2026 20:40:04.055] [Server thread/INFO] [net.threetag.palladium.Palladium/]: Successfully generated documentation file: trails.html
[15mai.2026 20:40:04.059] [Server thread/INFO] [net.threetag.palladium.Palladium/]: Successfully generated documentation file: layouts.html
[15mai.2026 20:40:04.109] [Server thread/INFO] [net.threetag.palladium.Palladium/]: Successfully generated documentation file: components.html
[15mai.2026 20:40:04.114] [Server thread/INFO] [net.threetag.palladium.Palladium/]: Successfully generated documentation file: backgrounds.html
[15mai.2026 20:40:04.194] [Server thread/ERROR] [net.threetag.palladium.Palladium/]: No documentation entry objective found for palladium:value_serializer/palladium:score
[15mai.2026 20:40:04.228] [Server thread/INFO] [net.threetag.palladium.Palladium/]: Successfully generated documentation file: value_serializer.html
[15mai.2026 20:40:04.288] [Server thread/ERROR] [net.threetag.palladium.Palladium/]: No documentation entry modifier found for palladium:ability_serializer/palladium:attribute_modifier
[15mai.2026 20:40:04.289] [Server thread/ERROR] [net.threetag.palladium.Palladium/]: No documentation entry modifiers found for palladium:ability_serializer/palladium:attribute_modifier
[15mai.2026 20:40:04.306] [Server thread/INFO] [net.threetag.palladium.Palladium/]: Successfully generated documentation file: ability_serializer.html
[15mai.2026 20:40:04.369] [Server thread/ERROR] [net.threetag.palladium.Palladium/]: No documentation entry molang found for palladium:condition_serializer/palladium:molang
[15mai.2026 20:40:04.423] [Server thread/ERROR] [net.threetag.palladium.Palladium/]: No documentation entry fallback found for palladium:condition_serializer/palladium:number_data_attachment
[15mai.2026 20:40:04.431] [Server thread/INFO] [net.threetag.palladium.Palladium/]: Successfully generated documentation file: condition_serializer.html
[15mai.2026 20:40:04.436] [Server thread/INFO] [net.threetag.palladium.Palladium/]: Successfully generated documentation file: flight_type_serializer.html
[15mai.2026 20:40:04.449] [Server thread/INFO] [net.threetag.palladium.Palladium/]: Successfully generated documentation file: icon_serializer.html
[15mai.2026 20:40:04.521] [Server thread/INFO] [net.minecraft.server.level.progress.LoggingLevelLoadListener/]: Selecting global world spawn...
[15mai.2026 20:40:06.483] [Server thread/INFO] [net.threetag.palladium.Palladium/]: Successfully generated documentation file: texture_transformers.html
[15mai.2026 20:40:06.484] [Server thread/INFO] [net.threetag.palladium.Palladium/]: Successfully generated documentation file: dynamic_textures.html
[15mai.2026 20:40:06.485] [Server thread/ERROR] [net.threetag.palladium.Palladium/]: No documentation entry overrides found for palladium:render_layers/palladium:render_layer
[15mai.2026 20:40:06.485] [Server thread/ERROR] [net.threetag.palladium.Palladium/]: No documentation entry hidden_model_parts found for palladium:render_layers/palladium:render_layer
[15mai.2026 20:40:06.485] [Server thread/ERROR] [net.threetag.palladium.Palladium/]: No documentation entry hidden_model_parts found for palladium:render_layers/palladium:compound
[15mai.2026 20:40:06.485] [Server thread/ERROR] [net.threetag.palladium.Palladium/]: No documentation entry hidden_model_parts found for palladium:render_layers/palladium:lightning_sparks
[15mai.2026 20:40:06.485] [Server thread/ERROR] [net.threetag.palladium.Palladium/]: No documentation entry hidden_model_parts found for palladium:render_layers/palladium:block_on_head
[15mai.2026 20:40:06.485] [Server thread/ERROR] [net.threetag.palladium.Palladium/]: No documentation entry hidden_model_parts found for palladium:render_layers/palladium:vibration
[15mai.2026 20:40:06.486] [Server thread/INFO] [net.threetag.palladium.Palladium/]: Successfully generated documentation file: render_layers.html
[15mai.2026 20:40:06.487] [Server thread/INFO] [net.threetag.palladium.Palladium/]: Successfully generated documentation file: beams.html
[15mai.2026 20:40:06.488] [Server thread/INFO] [net.threetag.palladium.Palladium/]: Successfully generated documentation file: trails.html
[15mai.2026 20:40:06.489] [Server thread/INFO] [net.threetag.palladium.Palladium/]: Successfully generated documentation file: layouts.html
[15mai.2026 20:40:06.491] [Server thread/INFO] [net.threetag.palladium.Palladium/]: Successfully generated documentation file: components.html
[15mai.2026 20:40:06.492] [Server thread/INFO] [net.threetag.palladium.Palladium/]: Successfully generated documentation file: backgrounds.html
[15mai.2026 20:40:06.502] [Server thread/ERROR] [net.threetag.palladium.Palladium/]: No documentation entry objective found for palladium:value_serializer/palladium:score
[15mai.2026 20:40:06.508] [Server thread/INFO] [net.threetag.palladium.Palladium/]: Successfully generated documentation file: value_serializer.html
[15mai.2026 20:40:06.512] [Server thread/ERROR] [net.threetag.palladium.Palladium/]: No documentation entry modifier found for palladium:ability_serializer/palladium:attribute_modifier
[15mai.2026 20:40:06.512] [Server thread/ERROR] [net.threetag.palladium.Palladium/]: No documentation entry modifiers found for palladium:ability_serializer/palladium:attribute_modifier
[15mai.2026 20:40:06.515] [Server thread/INFO] [net.threetag.palladium.Palladium/]: Successfully generated documentation file: ability_serializer.html
[15mai.2026 20:40:06.520] [Server thread/ERROR] [net.threetag.palladium.Palladium/]: No documentation entry molang found for palladium:condition_serializer/palladium:molang
[15mai.2026 20:40:06.521] [Server thread/ERROR] [net.threetag.palladium.Palladium/]: No documentation entry fallback found for palladium:condition_serializer/palladium:number_data_attachment
[15mai.2026 20:40:06.528] [Server thread/INFO] [net.threetag.palladium.Palladium/]: Successfully generated documentation file: condition_serializer.html
[15mai.2026 20:40:06.531] [Server thread/INFO] [net.threetag.palladium.Palladium/]: Successfully generated documentation file: flight_type_serializer.html
[15mai.2026 20:40:06.532] [Server thread/INFO] [net.threetag.palladium.Palladium/]: Successfully generated documentation file: icon_serializer.html
[15mai.2026 20:40:06.573] [Server thread/INFO] [net.threetag.palladium.Palladium/]: Successfully generated documentation file: texture_transformers.html
[15mai.2026 20:40:06.574] [Server thread/INFO] [net.threetag.palladium.Palladium/]: Successfully generated documentation file: dynamic_textures.html
[15mai.2026 20:40:06.575] [Server thread/ERROR] [net.threetag.palladium.Palladium/]: No documentation entry overrides found for palladium:render_layers/palladium:render_layer
[15mai.2026 20:40:06.575] [Server thread/ERROR] [net.threetag.palladium.Palladium/]: No documentation entry hidden_model_parts found for palladium:render_layers/palladium:render_layer
[15mai.2026 20:40:06.575] [Server thread/ERROR] [net.threetag.palladium.Palladium/]: No documentation entry hidden_model_parts found for palladium:render_layers/palladium:compound
[15mai.2026 20:40:06.575] [Server thread/ERROR] [net.threetag.palladium.Palladium/]: No documentation entry hidden_model_parts found for palladium:render_layers/palladium:lightning_sparks
[15mai.2026 20:40:06.575] [Server thread/ERROR] [net.threetag.palladium.Palladium/]: No documentation entry hidden_model_parts found for palladium:render_layers/palladium:block_on_head
[15mai.2026 20:40:06.575] [Server thread/ERROR] [net.threetag.palladium.Palladium/]: No documentation entry hidden_model_parts found for palladium:render_layers/palladium:vibration
[15mai.2026 20:40:06.577] [Server thread/INFO] [net.threetag.palladium.Palladium/]: Successfully generated documentation file: render_layers.html
[15mai.2026 20:40:06.578] [Server thread/INFO] [net.threetag.palladium.Palladium/]: Successfully generated documentation file: beams.html
[15mai.2026 20:40:06.579] [Server thread/INFO] [net.threetag.palladium.Palladium/]: Successfully generated documentation file: trails.html
[15mai.2026 20:40:06.579] [Server thread/INFO] [net.threetag.palladium.Palladium/]: Successfully generated documentation file: layouts.html
[15mai.2026 20:40:06.580] [Server thread/INFO] [net.threetag.palladium.Palladium/]: Successfully generated documentation file: components.html
[15mai.2026 20:40:06.581] [Server thread/INFO] [net.threetag.palladium.Palladium/]: Successfully generated documentation file: backgrounds.html
[15mai.2026 20:40:06.591] [Server thread/ERROR] [net.threetag.palladium.Palladium/]: No documentation entry objective found for palladium:value_serializer/palladium:score
[15mai.2026 20:40:06.596] [Server thread/INFO] [net.threetag.palladium.Palladium/]: Successfully generated documentation file: value_serializer.html
[15mai.2026 20:40:06.598] [Server thread/ERROR] [net.threetag.palladium.Palladium/]: No documentation entry modifier found for palladium:ability_serializer/palladium:attribute_modifier
[15mai.2026 20:40:06.598] [Server thread/ERROR] [net.threetag.palladium.Palladium/]: No documentation entry modifiers found for palladium:ability_serializer/palladium:attribute_modifier
[15mai.2026 20:40:06.600] [Server thread/INFO] [net.threetag.palladium.Palladium/]: Successfully generated documentation file: ability_serializer.html
[15mai.2026 20:40:06.603] [Server thread/ERROR] [net.threetag.palladium.Palladium/]: No documentation entry molang found for palladium:condition_serializer/palladium:molang
[15mai.2026 20:40:06.604] [Server thread/ERROR] [net.threetag.palladium.Palladium/]: No documentation entry fallback found for palladium:condition_serializer/palladium:number_data_attachment
[15mai.2026 20:40:06.606] [Server thread/INFO] [net.threetag.palladium.Palladium/]: Successfully generated documentation file: condition_serializer.html
[15mai.2026 20:40:06.607] [Server thread/INFO] [net.threetag.palladium.Palladium/]: Successfully generated documentation file: flight_type_serializer.html
[15mai.2026 20:40:06.609] [Server thread/INFO] [net.threetag.palladium.Palladium/]: Successfully generated documentation file: icon_serializer.html
[15mai.2026 20:40:06.623] [Server thread/INFO] [net.minecraft.server.level.progress.LoggingLevelLoadListener/]: Loading 0 persistent chunks...
[15mai.2026 20:40:06.623] [Server thread/INFO] [net.minecraft.server.level.progress.LoggingLevelLoadListener/]: Preparing spawn area: 16%
[15mai.2026 20:40:06.625] [Server thread/INFO] [net.minecraft.server.MinecraftServer/]: Saving chunks for level 'ServerLevel[New World]'/minecraft:overworld
[15mai.2026 20:40:06.697] [Server thread/INFO] [net.minecraft.server.MinecraftServer/]: Saving chunks for level 'ServerLevel[New World]'/minecraft:the_nether
[15mai.2026 20:40:06.728] [Server thread/INFO] [net.minecraft.server.MinecraftServer/]: Saving chunks for level 'ServerLevel[New World]'/minecraft:the_end
[15mai.2026 20:40:06.808] [Server thread/INFO] [net.minecraft.server.MinecraftServer/]: ThreadedAnvilChunkStorage (world): All chunks are saved
[15mai.2026 20:40:06.808] [Server thread/INFO] [net.minecraft.server.MinecraftServer/]: ThreadedAnvilChunkStorage (DIM-1): All chunks are saved
[15mai.2026 20:40:06.808] [Server thread/INFO] [net.minecraft.server.MinecraftServer/]: ThreadedAnvilChunkStorage (DIM1): All chunks are saved
[15mai.2026 20:40:06.808] [Server thread/INFO] [net.minecraft.server.MinecraftServer/]: ThreadedAnvilChunkStorage: All dimensions are saved
[15mai.2026 20:40:06.811] [Server thread/INFO] [net.neoforged.neoforge.server.permission.PermissionAPI/]: Successfully initialized permission handler neoforge:default_handler
[15mai.2026 20:40:07.117] [Render thread/INFO] [dynamic_fps/]: State changed from FOCUSED to HOVERED.
[15mai.2026 20:40:07.125] [Render thread/INFO] [dynamic_fps/]: State changed from HOVERED to UNFOCUSED.
[15mai.2026 20:40:07.948] [Server thread/INFO] [net.minecraft.server.level.progress.LoggingLevelLoadListener/]: Loading 46 chunks for player spawn...
[15mai.2026 20:40:07.949] [Server thread/INFO] [net.minecraft.server.level.progress.LoggingLevelLoadListener/]: Preparing spawn area: 16%
[15mai.2026 20:40:07.982] [Server thread/INFO] [net.minecraft.server.level.progress.LoggingLevelLoadListener/]: Preparing spawn area: 16%
[15mai.2026 20:40:08.032] [Server thread/INFO] [net.minecraft.server.level.progress.LoggingLevelLoadListener/]: Preparing spawn area: 16%
[15mai.2026 20:40:08.082] [Server thread/INFO] [net.minecraft.server.level.progress.LoggingLevelLoadListener/]: Preparing spawn area: 16%
[15mai.2026 20:40:08.132] [Server thread/INFO] [net.minecraft.server.level.progress.LoggingLevelLoadListener/]: Preparing spawn area: 16%
[15mai.2026 20:40:08.182] [Server thread/INFO] [net.minecraft.server.level.progress.LoggingLevelLoadListener/]: Preparing spawn area: 16%
[15mai.2026 20:40:08.232] [Server thread/INFO] [net.minecraft.server.level.progress.LoggingLevelLoadListener/]: Preparing spawn area: 16%
[15mai.2026 20:40:08.532] [Server thread/INFO] [net.minecraft.server.level.progress.LoggingLevelLoadListener/]: Preparing spawn area: 16%
[15mai.2026 20:40:09.032] [Server thread/INFO] [net.minecraft.server.level.progress.LoggingLevelLoadListener/]: Preparing spawn area: 27%
[15mai.2026 20:40:09.533] [Server thread/INFO] [net.minecraft.server.level.progress.LoggingLevelLoadListener/]: Preparing spawn area: 56%
[15mai.2026 20:40:10.031] [Server thread/INFO] [net.minecraft.server.level.progress.LoggingLevelLoadListener/]: Preparing spawn area: 56%
[15mai.2026 20:40:10.282] [Server thread/INFO] [net.minecraft.server.level.progress.LoggingLevelLoadListener/]: Time elapsed: 5762 ms
[15mai.2026 20:40:10.695] [Server thread/INFO] [net.minecraft.server.players.PlayerList/]: Dev[local:E:71755972] logged in with entity id 4 at (112.5, 70.0, 113.5)
[15mai.2026 20:40:10.772] [Server thread/INFO] [net.minecraft.server.MinecraftServer/]: Dev joined the game
[15mai.2026 20:40:11.218] [Worker-Main-7/WARN] [net.threetag.palladium.Palladium/]: Was not able to read user's palladium data! (380df991-f603-344c-a090-369bad2a924a) Error while reading json: no player with that UUID
[15mai.2026 20:40:11.280] [Render thread/INFO] [net.threetag.palladium.Palladium/]: Successfully generated documentation file: texture_transformers.html
[15mai.2026 20:40:11.280] [Render thread/INFO] [net.threetag.palladium.Palladium/]: Successfully generated documentation file: dynamic_textures.html
[15mai.2026 20:40:11.281] [Render thread/ERROR] [net.threetag.palladium.Palladium/]: No documentation entry overrides found for palladium:render_layers/palladium:render_layer
[15mai.2026 20:40:11.281] [Render thread/ERROR] [net.threetag.palladium.Palladium/]: No documentation entry hidden_model_parts found for palladium:render_layers/palladium:render_layer
[15mai.2026 20:40:11.281] [Render thread/ERROR] [net.threetag.palladium.Palladium/]: No documentation entry hidden_model_parts found for palladium:render_layers/palladium:compound
[15mai.2026 20:40:11.281] [Render thread/ERROR] [net.threetag.palladium.Palladium/]: No documentation entry hidden_model_parts found for palladium:render_layers/palladium:lightning_sparks
[15mai.2026 20:40:11.281] [Render thread/ERROR] [net.threetag.palladium.Palladium/]: No documentation entry hidden_model_parts found for palladium:render_layers/palladium:block_on_head
[15mai.2026 20:40:11.281] [Render thread/ERROR] [net.threetag.palladium.Palladium/]: No documentation entry hidden_model_parts found for palladium:render_layers/palladium:vibration
[15mai.2026 20:40:11.282] [Render thread/INFO] [net.threetag.palladium.Palladium/]: Successfully generated documentation file: render_layers.html
[15mai.2026 20:40:11.285] [Render thread/INFO] [net.threetag.palladium.Palladium/]: Successfully generated documentation file: beams.html
[15mai.2026 20:40:11.287] [Render thread/INFO] [net.threetag.palladium.Palladium/]: Successfully generated documentation file: trails.html
[15mai.2026 20:40:11.288] [Render thread/INFO] [net.threetag.palladium.Palladium/]: Successfully generated documentation file: layouts.html
[15mai.2026 20:40:11.289] [Render thread/INFO] [net.threetag.palladium.Palladium/]: Successfully generated documentation file: components.html
[15mai.2026 20:40:11.289] [Render thread/INFO] [net.threetag.palladium.Palladium/]: Successfully generated documentation file: backgrounds.html
[15mai.2026 20:40:11.296] [Render thread/ERROR] [net.threetag.palladium.Palladium/]: No documentation entry objective found for palladium:value_serializer/palladium:score
[15mai.2026 20:40:11.299] [Render thread/INFO] [net.threetag.palladium.Palladium/]: Successfully generated documentation file: value_serializer.html
[15mai.2026 20:40:11.302] [Render thread/ERROR] [net.threetag.palladium.Palladium/]: No documentation entry modifier found for palladium:ability_serializer/palladium:attribute_modifier
[15mai.2026 20:40:11.302] [Render thread/ERROR] [net.threetag.palladium.Palladium/]: No documentation entry modifiers found for palladium:ability_serializer/palladium:attribute_modifier
[15mai.2026 20:40:11.305] [Render thread/INFO] [net.threetag.palladium.Palladium/]: Successfully generated documentation file: ability_serializer.html
[15mai.2026 20:40:11.309] [Render thread/ERROR] [net.threetag.palladium.Palladium/]: No documentation entry molang found for palladium:condition_serializer/palladium:molang
[15mai.2026 20:40:11.311] [Render thread/ERROR] [net.threetag.palladium.Palladium/]: No documentation entry fallback found for palladium:condition_serializer/palladium:number_data_attachment
[15mai.2026 20:40:11.312] [Render thread/INFO] [net.threetag.palladium.Palladium/]: Successfully generated documentation file: condition_serializer.html
[15mai.2026 20:40:11.313] [Render thread/INFO] [net.threetag.palladium.Palladium/]: Successfully generated documentation file: flight_type_serializer.html
[15mai.2026 20:40:11.314] [Render thread/INFO] [net.threetag.palladium.Palladium/]: Successfully generated documentation file: icon_serializer.html
[15mai.2026 20:40:11.426] [Render thread/WARN] [net.minecraft.client.multiplayer.ClientPacketListener/]: Ignoring chat session from Dev due to missing Services public key
[15mai.2026 20:40:11.641] [Worker-Main-7/WARN] [net.threetag.palladium.Palladium/]: Was not able to read user's palladium data! (380df991-f603-344c-a090-369bad2a924a) Error while reading json: no player with that UUID
[15mai.2026 20:40:11.645] [Render thread/INFO] [snownee.jade.Jade/]: Received config from the server: {}
[15mai.2026 20:40:11.768] [Render thread/INFO] [net.minecraft.advancements.AdvancementTree/]: Loaded 3 advancements
[15mai.2026 20:40:11.777] [Server thread/INFO] [net.minecraft.client.server.IntegratedServer/]: Changing view distance to 8, from 10
[15mai.2026 20:40:11.782] [Server thread/INFO] [net.minecraft.client.server.IntegratedServer/]: Changing simulation distance to 6, from 0
[15mai.2026 20:40:12.188] [Render thread/INFO] [net.minecraft.client.renderer.DynamicUniformStorage/]: Resizing Dynamic Transforms UBO, capacity limit of 2 reached during a single frame. New capacity will be 4.
[15mai.2026 20:40:12.282] [Render thread/INFO] [net.minecraft.client.renderer.DynamicUniformStorage/]: Resizing Dynamic Transforms UBO, capacity limit of 4 reached during a single frame. New capacity will be 8.
[15mai.2026 20:40:14.136] [Render thread/INFO] [net.minecraft.client.renderer.DynamicUniformStorage/]: Resizing Chunk Sections UBO, capacity limit of 2 reached during a single frame. New capacity will be 8.
[15mai.2026 20:40:14.515] [Render thread/INFO] [dynamic_fps/]: State changed from UNFOCUSED to FOCUSED.
[15mai.2026 20:40:14.543] [Render thread/INFO] [net.minecraft.client.renderer.DynamicUniformStorage/]: Resizing Chunk Sections UBO, capacity limit of 8 reached during a single frame. New capacity will be 16.
[15mai.2026 20:40:14.583] [Render thread/INFO] [net.minecraft.client.renderer.DynamicUniformStorage/]: Resizing Chunk Sections UBO, capacity limit of 16 reached during a single frame. New capacity will be 32.
[15mai.2026 20:40:14.653] [Render thread/INFO] [net.minecraft.client.renderer.DynamicUniformStorage/]: Resizing Chunk Sections UBO, capacity limit of 32 reached during a single frame. New capacity will be 64.
[15mai.2026 20:40:14.695] [Render thread/WARN] [ModernFix/]: Time from main menu to in-game was 11.432464 seconds
[15mai.2026 20:40:14.695] [Render thread/WARN] [ModernFix/]: Total time to load game and open world was 27.081463 seconds
[15mai.2026 20:40:15.378] [Render thread/INFO] [net.minecraft.client.renderer.DynamicUniformStorage/]: Resizing Chunk Sections UBO, capacity limit of 64 reached during a single frame. New capacity will be 128.
[15mai.2026 20:40:15.965] [Render thread/INFO] [net.minecraft.client.renderer.DynamicUniformStorage/]: Resizing Dynamic Transforms UBO, capacity limit of 8 reached during a single frame. New capacity will be 16.
[15mai.2026 20:40:17.044] [Render thread/INFO] [net.minecraft.client.renderer.DynamicUniformStorage/]: Resizing Chunk Sections UBO, capacity limit of 128 reached during a single frame. New capacity will be 256.
[15mai.2026 20:40:21.275] [Render thread/INFO] [net.minecraft.client.renderer.DynamicUniformStorage/]: Resizing Chunk Sections UBO, capacity limit of 256 reached during a single frame. New capacity will be 512.
[15mai.2026 20:40:23.418] [Server thread/INFO] [net.minecraft.server.MinecraftServer/]: [Dev: Dev has gained the superpower Boogie Woogie]
[15mai.2026 20:40:23.434] [Render thread/INFO] [net.minecraft.client.gui.components.ChatComponent/]: [System] [CHAT] [Dev head]Dev has gained the superpower Boogie Woogie
[15mai.2026 20:40:30.587] [Render thread/INFO] [dynamic_fps/]: State changed from FOCUSED to UNFOCUSED.
[15mai.2026 20:40:36.559] [Render thread/INFO] [dynamic_fps/]: State changed from UNFOCUSED to FOCUSED.
[15mai.2026 20:40:39.220] [Render thread/INFO] [dynamic_fps/]: State changed from FOCUSED to HOVERED.
[15mai.2026 20:40:39.285] [Render thread/INFO] [dynamic_fps/]: State changed from HOVERED to UNFOCUSED.
[15mai.2026 20:40:39.732] [Server thread/INFO] [net.minecraft.client.server.IntegratedServer/]: Saving and pausing game...
[15mai.2026 20:40:39.755] [Server thread/INFO] [net.minecraft.server.MinecraftServer/]: Saving chunks for level 'ServerLevel[New World]'/minecraft:overworld
[15mai.2026 20:40:39.780] [Server thread/INFO] [net.minecraft.server.MinecraftServer/]: Saving chunks for level 'ServerLevel[New World]'/minecraft:the_nether
[15mai.2026 20:40:39.783] [Server thread/INFO] [net.minecraft.server.MinecraftServer/]: Saving chunks for level 'ServerLevel[New World]'/minecraft:the_end
[15mai.2026 20:41:05.076] [Render thread/INFO] [dynamic_fps/]: State changed from UNFOCUSED to FOCUSED.
[15mai.2026 20:41:06.217] [Render thread/INFO] [net.minecraft.client.gui.components.ChatComponent/]: [System] [CHAT] [Debug]: Reloaded resource packs
[15mai.2026 20:41:06.251] [Render thread/INFO] [net.minecraft.server.packs.resources.ReloadableResourceManager/]: Reloading ResourceManager: vanilla, mod_resources, mod/lambdynlights, mod/ce, mod/yumi_mc_core, mod/terrablender, mod/mousetweaks, mod/immediatelyfast, mod/lambdynlights_api, mod/jade, mod/ferritecore, mod/jei, mod/dynamic_fps, mod/lithium, mod/chat_heads, mod/player_animation_library, mod/badoptimizations, mod/pride, mod/palladium, mod/clumps, mod/neoforge, mod/modernfix, mod/spruceui, mod/dynamic_fps_common
[15mai.2026 20:41:06.543] [resourceLoad/INFO] [net.minecraft.client.gui.font.providers.UnihexProvider/]: Found unifont_all_no_pua-17.0.01.hex, loading
[15mai.2026 20:41:06.606] [resourceLoad/ERROR] [net.minecraft.server.packs.resources.SimpleJsonResourceReloadListener/]: Couldn't parse data file 'ce:divine_dog' from 'ce:palladium/render_layers/divine_dog.json': DataResult.Error['Failed to parse either. First: No key hidden_model_parts in MapLike[{"type":"palladium:compound","layers":[{"type":"palladium:render_layer","texture":"ce:textures/entity/black_divine_dog.png","state":{"enabling":[{"type":"palladium:has_tag","tag":"black_divine_dog"},{"type":"palladium:not","conditions":{"type":"palladium:has_tag","tag":"white_divine_dog"}}]}},{"type":"palladium:render_layer","texture":"ce:textures/entity/white_divine_dog.png","state":{"enabling":[{"type":"palladium:has_tag","tag":"white_divine_dog"},{"type":"palladium:not","conditions":{"type":"palladium:has_tag","tag":"black_divine_dog"}}]}}]}]; Failed to parse either. First: No key hidden_model_parts in MapLike[{"type":"palladium:render_layer","texture":"ce:textures/entity/white_divine_dog.png","state":{"enabling":[{"type":"palladium:has_tag","tag":"white_divine_dog"},{"type":"palladium:not","conditions":{"type":"palladium:has_tag","tag":"black_divine_dog"}}]}}]; Second: No key hidden_model_parts in MapLike[{"type":"palladium:render_layer","texture":"ce:textures/entity/white_divine_dog.png","state":{"enabling":[{"type":"palladium:has_tag","tag":"white_divine_dog"},{"type":"palladium:not","conditions":{"type":"palladium:has_tag","tag":"black_divine_dog"}}]}}]; Failed to parse either. First: No key hidden_model_parts in MapLike[{"type":"palladium:render_layer","texture":"ce:textures/entity/black_divine_dog.png","state":{"enabling":[{"type":"palladium:has_tag","tag":"black_divine_dog"},{"type":"palladium:not","conditions":{"type":"palladium:has_tag","tag":"white_divine_dog"}}]}}]; Second: No key hidden_model_parts in MapLike[{"type":"palladium:render_layer","texture":"ce:textures/entity/black_divine_dog.png","state":{"enabling":[{"type":"palladium:has_tag","tag":"black_divine_dog"},{"type":"palladium:not","conditions":{"type":"palladium:has_tag","tag":"white_divine_dog"}}]}}]; Second: No key hidden_model_parts in MapLike[{"type":"palladium:compound","layers":[{"type":"palladium:render_layer","texture":"ce:textures/entity/black_divine_dog.png","state":{"enabling":[{"type":"palladium:has_tag","tag":"black_divine_dog"},{"type":"palladium:not","conditions":{"type":"palladium:has_tag","tag":"white_divine_dog"}}]}},{"type":"palladium:render_layer","texture":"ce:textures/entity/white_divine_dog.png","state":{"enabling":[{"type":"palladium:has_tag","tag":"white_divine_dog"},{"type":"palladium:not","conditions":{"type":"palladium:has_tag","tag":"black_divine_dog"}}]}}]}]; No key texture in MapLike[{"type":"palladium:compound","layers":[{"type":"palladium:render_layer","texture":"ce:textures/entity/black_divine_dog.png","state":{"enabling":[{"type":"palladium:has_tag","tag":"black_divine_dog"},{"type":"palladium:not","conditions":{"type":"palladium:has_tag","tag":"white_divine_dog"}}]}},{"type":"palladium:render_layer","texture":"ce:textures/entity/white_divine_dog.png","state":{"enabling":[{"type":"palladium:has_tag","tag":"white_divine_dog"},{"type":"palladium:not","conditions":{"type":"palladium:has_tag","tag":"black_divine_dog"}}]}}]}]']
[15mai.2026 20:41:06.664] [resourceLoad/ERROR] [player_animation_library/]: Player Animation Library failed to load animation ce:player_animations/clap.json because:
net.minecraft.IdentifierException: Non [a-z0-9/._-] character in path of location: ce:dap _hold
	at TRANSFORMER/minecraft@26.1.2/net.minecraft.resources.Identifier.assertValidPath(Identifier.java:270) ~[minecraft-patched-26.1.2.55-beta.jar:?]
	at TRANSFORMER/minecraft@26.1.2/net.minecraft.resources.Identifier.createUntrusted(Identifier.java:38) ~[minecraft-patched-26.1.2.55-beta.jar:?]
	at TRANSFORMER/minecraft@26.1.2/net.minecraft.resources.Identifier.fromNamespaceAndPath(Identifier.java:42) ~[minecraft-patched-26.1.2.55-beta.jar:?]
	at TRANSFORMER/player_animation_library@1.2.3+mc.26.1/com.zigythebird.playeranim.animation.PlayerAnimResources.onResourceManagerReload(PlayerAnimResources.java:90) ~[PlayerAnimationLibMerged-1.2.3+mc.26.1.jar:?]
	at TRANSFORMER/player_animation_library@1.2.3+mc.26.1/com.zigythebird.playeranim.animation.PlayerAnimResources.lambda$reload$0(PlayerAnimResources.java:101) ~[PlayerAnimationLibMerged-1.2.3+mc.26.1.jar:?]
	at java.base/java.util.concurrent.CompletableFuture$AsyncRun.run(CompletableFuture.java:1825) ~[?:?]
	at TRANSFORMER/minecraft@26.1.2/net.minecraft.server.packs.resources.SimpleReloadInstance.lambda$prepareTasks$1(SimpleReloadInstance.java:68) ~[minecraft-patched-26.1.2.55-beta.jar:?]
	at TRANSFORMER/minecraft@26.1.2/net.minecraft.TracingExecutor.lambda$forName$1(TracingExecutor.java:18) ~[minecraft-patched-26.1.2.55-beta.jar:?]
	at java.base/java.util.concurrent.ForkJoinTask$RunnableExecuteAction.compute(ForkJoinTask.java:1750) [?:?]
	at java.base/java.util.concurrent.ForkJoinTask$RunnableExecuteAction.compute(ForkJoinTask.java:1742) [?:?]
	at java.base/java.util.concurrent.ForkJoinTask$InterruptibleTask.exec(ForkJoinTask.java:1659) [?:?]
	at java.base/java.util.concurrent.ForkJoinTask.doExec(ForkJoinTask.java:511) [?:?]
	at java.base/java.util.concurrent.ForkJoinPool$WorkQueue.topLevelExec(ForkJoinPool.java:1450) [?:?]
	at java.base/java.util.concurrent.ForkJoinPool.runWorker(ForkJoinPool.java:2019) [?:?]
	at java.base/java.util.concurrent.ForkJoinWorkerThread.run(ForkJoinWorkerThread.java:187) [?:?]
[15mai.2026 20:41:06.710] [resourceLoad/INFO] [net.minecraft.client.gui.font.providers.UnihexProvider/]: Found unifont_pua-17.0.01.hex, loading
[15mai.2026 20:41:06.881] [Server thread/INFO] [net.minecraft.client.server.IntegratedServer/]: Saving and pausing game...
[15mai.2026 20:41:07.063] [resourceLoad/INFO] [net.minecraft.client.gui.font.providers.UnihexProvider/]: Found unifont_jp_patch-17.0.01.hex, loading
[15mai.2026 20:41:07.271] [Server thread/INFO] [net.minecraft.server.MinecraftServer/]: Saving chunks for level 'ServerLevel[New World]'/minecraft:overworld
[15mai.2026 20:41:07.596] [Server thread/INFO] [net.minecraft.server.MinecraftServer/]: Saving chunks for level 'ServerLevel[New World]'/minecraft:the_nether
[15mai.2026 20:41:07.597] [Server thread/INFO] [net.minecraft.server.MinecraftServer/]: Saving chunks for level 'ServerLevel[New World]'/minecraft:the_end
[15mai.2026 20:41:07.757] [Render thread/WARN] [com.mojang.blaze3d.opengl.GlProgram/]: palladium:add shader program does not use sampler Sampler0 defined in the pipeline. This might be a bug.
[15mai.2026 20:41:07.758] [Render thread/WARN] [com.mojang.blaze3d.opengl.GlProgram/]: palladium:add shader program does not use sampler Sampler2 defined in the pipeline. This might be a bug.
[15mai.2026 20:41:07.827] [Render thread/INFO] [com.mojang.blaze3d.audio.Library/]: OpenAL initialized on device OpenAL Soft on Alto-falantes (High Definition Audio Device)
[15mai.2026 20:41:07.827] [Render thread/INFO] [net.minecraft.client.sounds.SoundEngine/SOUNDS]: Sound engine started
[15mai.2026 20:41:07.829] [Render thread/INFO] [net.minecraft.client.renderer.texture.TextureAtlas/]: Created: 512x256x0 minecraft:textures/atlas/particles.png-atlas
[15mai.2026 20:41:07.849] [Render thread/INFO] [net.minecraft.client.renderer.texture.TextureAtlas/]: Created: 128x128x0 minecraft:textures/atlas/decorated_pot.png-atlas
[15mai.2026 20:41:07.851] [Render thread/INFO] [net.minecraft.client.renderer.texture.TextureAtlas/]: Created: 2048x1024x0 minecraft:textures/atlas/armor_trims.png-atlas
[15mai.2026 20:41:07.861] [Render thread/INFO] [net.minecraft.client.renderer.texture.TextureAtlas/]: Created: 512x256x0 minecraft:textures/atlas/paintings.png-atlas
[15mai.2026 20:41:07.862] [Render thread/INFO] [net.minecraft.client.renderer.texture.TextureAtlas/]: Created: 1024x512x0 minecraft:textures/atlas/shield_patterns.png-atlas
[15mai.2026 20:41:07.864] [Render thread/INFO] [net.minecraft.client.renderer.texture.TextureAtlas/]: Created: 2048x2048x4 minecraft:textures/atlas/blocks.png-atlas
[15mai.2026 20:41:07.913] [Render thread/INFO] [net.minecraft.client.renderer.texture.TextureAtlas/]: Created: 512x512x0 minecraft:textures/atlas/chest.png-atlas
[15mai.2026 20:41:07.914] [Render thread/INFO] [net.minecraft.client.renderer.texture.TextureAtlas/]: Created: 256x128x0 minecraft:textures/atlas/celestials.png-atlas
[15mai.2026 20:41:07.918] [Render thread/INFO] [net.minecraft.client.renderer.texture.TextureAtlas/]: Created: 1024x512x0 minecraft:textures/atlas/banner_patterns.png-atlas
[15mai.2026 20:41:07.927] [Render thread/INFO] [net.minecraft.client.renderer.texture.TextureAtlas/]: Created: 512x512x0 minecraft:textures/atlas/beds.png-atlas
[15mai.2026 20:41:07.932] [Render thread/INFO] [net.minecraft.client.renderer.texture.TextureAtlas/]: Created: 1024x512x0 minecraft:textures/atlas/items.png-atlas
[15mai.2026 20:41:07.995] [Render thread/INFO] [net.minecraft.client.renderer.texture.TextureAtlas/]: Created: 1024x1024x0 minecraft:textures/atlas/gui.png-atlas
[15mai.2026 20:41:08.024] [Render thread/INFO] [net.minecraft.client.renderer.texture.TextureAtlas/]: Created: 128x64x0 minecraft:textures/atlas/map_decorations.png-atlas
[15mai.2026 20:41:08.025] [Render thread/INFO] [net.minecraft.client.renderer.texture.TextureAtlas/]: Created: 512x256x0 minecraft:textures/atlas/signs.png-atlas
[15mai.2026 20:41:08.028] [Render thread/INFO] [net.minecraft.client.renderer.texture.TextureAtlas/]: Created: 512x512x0 minecraft:textures/atlas/shulker_boxes.png-atlas
[15mai.2026 20:41:08.264] [Render thread/INFO] [net.threetag.palladium.Palladium/]: Loaded 1 model layers
[15mai.2026 20:41:08.266] [Render thread/INFO] [net.threetag.palladium.Palladium/]: Loaded 0 dynamic textures
[15mai.2026 20:41:08.267] [Render thread/INFO] [net.threetag.palladium.Palladium/]: Loaded 1 render layers
[15mai.2026 20:41:08.269] [Render thread/INFO] [net.neoforged.neoforge.client.entity.animation.json.AnimationLoader/]: Loaded 0 entity animations
[15mai.2026 20:41:08.303] [Render thread/INFO] [net.minecraft.client.renderer.texture.TextureAtlas/]: Created: 256x256x0 jei:textures/atlas/gui.png-atlas
[15mai.2026 20:41:08.305] [Render thread/INFO] [net.threetag.palladium.Palladium/]: Loaded 2 animation controllers
[15mai.2026 20:41:08.305] [Render thread/INFO] [net.threetag.palladium.Palladium/]: Loaded 0 particle emitters
[15mai.2026 20:41:08.305] [Render thread/INFO] [net.threetag.palladium.Palladium/]: Loaded 2 beams
[15mai.2026 20:41:08.306] [Render thread/INFO] [net.threetag.palladium.Palladium/]: Loaded 1 trails
[15mai.2026 20:41:08.307] [Render thread/INFO] [net.threetag.palladium.Palladium/]: Loaded 1 screens
[15mai.2026 20:41:13.432] [Server thread/INFO] [net.minecraft.client.server.IntegratedServer/]: Saving and pausing game...
[15mai.2026 20:41:13.454] [Server thread/INFO] [net.minecraft.server.MinecraftServer/]: Saving chunks for level 'ServerLevel[New World]'/minecraft:overworld
[15mai.2026 20:41:13.477] [Server thread/INFO] [net.minecraft.server.MinecraftServer/]: Saving chunks for level 'ServerLevel[New World]'/minecraft:the_nether
[15mai.2026 20:41:13.477] [Server thread/INFO] [net.minecraft.server.MinecraftServer/]: Saving chunks for level 'ServerLevel[New World]'/minecraft:the_end
[15mai.2026 20:41:13.784] [Server thread/INFO] [net.minecraft.server.MinecraftServer/]: Stopping server
[15mai.2026 20:41:13.784] [Server thread/INFO] [net.minecraft.server.MinecraftServer/]: Saving players
[15mai.2026 20:41:13.799] [Server thread/INFO] [net.minecraft.server.network.ServerGamePacketListenerImpl/]: Dev lost connection: Disconnected
[15mai.2026 20:41:13.800] [Server thread/INFO] [net.minecraft.server.MinecraftServer/]: Dev left the game
[15mai.2026 20:41:13.817] [Server thread/INFO] [net.minecraft.server.network.ServerCommonPacketListenerImpl/]: Stopping singleplayer server as player logged out
[15mai.2026 20:41:13.817] [Server thread/INFO] [net.minecraft.server.MinecraftServer/]: Saving worlds
[15mai.2026 20:41:14.001] [Server thread/INFO] [net.minecraft.server.MinecraftServer/]: Saving chunks for level 'ServerLevel[New World]'/minecraft:overworld
[15mai.2026 20:41:14.875] [Server thread/INFO] [net.minecraft.server.MinecraftServer/]: Saving chunks for level 'ServerLevel[New World]'/minecraft:the_nether
[15mai.2026 20:41:14.892] [Server thread/INFO] [net.minecraft.server.MinecraftServer/]: Saving chunks for level 'ServerLevel[New World]'/minecraft:the_end
[15mai.2026 20:41:14.915] [Server thread/INFO] [net.minecraft.server.MinecraftServer/]: ThreadedAnvilChunkStorage (world): All chunks are saved
[15mai.2026 20:41:14.916] [Server thread/INFO] [net.minecraft.server.MinecraftServer/]: ThreadedAnvilChunkStorage (DIM-1): All chunks are saved
[15mai.2026 20:41:14.916] [Server thread/INFO] [net.minecraft.server.MinecraftServer/]: ThreadedAnvilChunkStorage (DIM1): All chunks are saved
[15mai.2026 20:41:14.916] [Server thread/INFO] [net.minecraft.server.MinecraftServer/]: ThreadedAnvilChunkStorage: All dimensions are saved
[15mai.2026 20:41:15.418] [Render thread/INFO] [net.minecraft.client.Minecraft/]: Stopping!
